---
source: src/snapshots/snap.rs
expression: terminal.backend()
---
"┏━━━━━━━━━━━━━━━━━━━━━━━━━━━━━━━━━━━━ 2048 ━━━━━━━━━━━━━━━━━━━━━━━━━━━━━━━━━━━━┓"
"┃                           Score: 0 | High Score: 0                           ┃"
"┃┌──────────────────┐┌─────────────────┐┌──────────────────┐┌─────────────────┐┃"
"┃│                  ││                 ││                  ││                 │┃"
"┃│                  ││                 ││                  ││                 │┃"
"┃└──────────────────┘└─────────────────┘└──────────────────┘└─────────────────┘┃"
"┃┌──────────────────┐┌─────────────────┐┌──────────────────┐┌─────────────────┐┃"
"┃│                  ││                 ││         2        ││                 │┃"
"┃│                  ││                 ││                  ││                 │┃"
"┃│                  ││                 ││                  ││                 │┃"
"┃└──────────────────┘└─────────────────┘└──────────────────┘└─────────────────┘┃"
"┃┌──────────────────┐┌─────────────────┐┌──────────────────┐┌─────────────────┐┃"
"┃│                  ││        2        ││                  ││                 │┃"
"┃│                  ││                 ││                  ││                 │┃"
"┃└──────────────────┘└─────────────────┘└──────────────────┘└─────────────────┘┃"
"┃┌──────────────────┐┌─────────────────┐┌──────────────────┐┌─────────────────┐┃"
"┃│                  ││                 ││                  ││                 │┃"
"┃│                  ││                 ││                  ││                 │┃"
"┃└──────────────────┘└─────────────────┘└──────────────────┘└─────────────────┘┃"
"┗━━━━━━━━━━━━━ Move <hjkl> New Game <n> High Scores <s>  Quit <q> ━━━━━━━━━━━━━┛"
