---
source: src/snapshots/snap.rs
expression: terminal.backend()
---
"┏━━━━━━━━━━━━━━━━━━━━━━━━━━━━━━━━━━━━ 2048 ━━━━━━━━━━━━━━━━━━━━━━━━━━━━━━━━━━━━┓"
"┃                           Score: 0 | High Score: 96                          ┃"
"┃┌──────────────────┐┌─────────────────┐┌──────────────────┐┌─────────────────┐┃"
"┃│                  ││                 ││                  ││                 │┃"
"┃│                  ││                 ││                  ││                 │┃"
"┃└──────────────────┘└─────────────────┘└──────────────────┘└─────────────────┘┃"
"┃┌──────────────────┐┌─────────────────┐┌──────────────────┐┌─────────────────┐┃"
"┃│                  ││                 ││                  ││                 │┃"
"┃│                  ││                 ││                  ││                 │┃"
"┃│                  ││                 ││                  ││                 │┃"
"┃└──────────────────┘└─────────────────┘└──────────────────┘└─────────────────┘┃"
"┃┌──────────────────┐┌─────────────────┐┌──────────────────┐┌─────────────────┐┃"
"┃│                  ││                 ││                  ││                 │┃"
"┃│                  ││                 ││                  ││                 │┃"
"┃└──────────────────┘└─────────────────┘└──────────────────┘└─────────────────┘┃"
"┃┌──────────────────┐┌─────────────────┐┌──────────────────┐┌─────────────────┐┃"
"┃│                  ││                 ││                  ││                 │┃"
"┃│                  ││                 ││                  ││                 │┃"
"┃└──────────────────┘└─────────────────┘└──────────────────┘└─────────────────┘┃"
"┗━━━━━━ Move <hjkl or Arrow Keys> New Game <n> High Scores <s>  Quit <q> ━━━━━━┛"
